C51 COMPILER V9.60.0.0   INFRARED                                                          10/08/2020 11:30:02 PAGE 1   


C51 COMPILER V9.60.0.0, COMPILATION OF MODULE INFRARED
OBJECT MODULE PLACED IN .\Objects\infrared.obj
COMPILER INVOKED BY: E:\Keil\Software\C51\BIN\C51.EXE Hardware\infrared.c COMPACT OPTIMIZE(9,SPEED) BROWSE INCDIR(.\Basi
                    -c;.\Hardware;.\User) DEBUG OBJECTEXTEND PRINT(.\Listings\infrared.lst) TABS(2) OBJECT(.\Objects\infrared.obj)

line level    source

   1          /**************************************************/
   2          /*  需使用杜邦线将P1^1和P3^3短接                  */
   3          /**************************************************/
   4          #include "Sys.h"
   5          
   6          bit irflag = 0;
   7          
   8          u8 ircode[4];//数码管接收缓冲区
   9          /**************************************************************************
  10          函数功能：设定定时器1为红外功能实现定时器
  11          入口参数：无
  12          返回值  ：无
  13          **************************************************************************/
  14          void InitInfrared()
  15          {
  16   1        //AUXR &= 0x7F;//设置定时器为12T模式
  17   1        IR_INPUT = 1;
  18   1        TMOD = (TMOD & 0x0F) | 0x10;
  19   1        TR1 = 0;
  20   1        ET1 = 0;//定时器1中断关闭
  21   1        IT1 = 1;//设置外部中断1为下降沿触发
  22   1      }
  23          /**************************************************************************
  24          函数功能：获取NEC协议高电平持续时间
  25          入口参数：无
  26          返回值  ：无
  27          **************************************************************************/
  28          u16 GetHighTime()
  29          {
  30   1        TH1 = 0;
  31   1        TL1 = 0;
  32   1        TR1 = 1;
  33   1        while(IR_INPUT)
  34   1        {
  35   2          if(TH1 >= 0x40) break;//高电平时间持续过长（约18ms）则跳出
  36   2        }
  37   1        TR1 = 0;
  38   1        
  39   1        return (TH1 * 256 + TL1);
  40   1      }
  41          /**************************************************************************
  42          函数功能：获取NEC协议低电平持续时间
  43          入口参数：无
  44          返回值  ：无
  45          **************************************************************************/
  46          u16 GetLowTime()
  47          {
  48   1        
  49   1        TH1 = 0;
  50   1        TL1 = 0;
  51   1        TR1 = 1;
  52   1        while(!IR_INPUT)
  53   1        {
  54   2          if(TH1 >= 0x40) break;//低电平时间持续过长（约18ms）则跳出
C51 COMPILER V9.60.0.0   INFRARED                                                          10/08/2020 11:30:02 PAGE 2   

  55   2        }
  56   1        TR1 = 0;
  57   1        
  58   1        return (TH1 * 256 + TL1);
  59   1      }
  60          /**************************************************************************
  61          函数功能：INT1外部中断服务函数,接收红外并解码
  62          入口参数：无
  63          返回值  ：无
  64          **************************************************************************/
  65          void ServiceINT1() interrupt 2
  66          {
  67   1        u8 i, j;
  68   1        u8 byt;
  69   1        u16 time;
  70   1        
  71   1        SMG_Display();
  72   1        
  73   1        time = GetLowTime();
  74   1        if( (time < 7833) || (time > 8755) )//判断是否为误码
  75   1        {
  76   2          IE1 = 0;//清除外部中断标志
  77   2          return;
  78   2        }
  79   1        
  80   1        time = GetHighTime();
  81   1        if( (time < 3686) || (time > 4608) )//判断是否为误码
  82   1        {
  83   2          IE1 = 0;
  84   2          return;
  85   2        }
  86   1        
  87   1        for(i = 0; i < 4; i ++)
  88   1        {
  89   2          for(j = 0; j < 8; j ++)
  90   2          {
  91   3            //先判断每位的数据中的低电平是否超时
  92   3            time  = GetLowTime();
  93   3            if( (time < 313) || (time > 718) )
  94   3            {
  95   4              IE1 = 0;
  96   4              return;
  97   4            }
  98   3            //接收判断每位高电平时间判断值
  99   3            time  = GetHighTime();
 100   3            if( (time > 313) && (time < 718) )//值为0
 101   3            {
 102   4              byt >>= 1;
 103   4            }
 104   3            else if( (time > 1345) || (time < 1751) )//值为1
 105   3            {
 106   4              byt >>= 1;
 107   4              byt |= 0x80;
 108   4            }
 109   3            else//不符合上述两种条件即为误码
 110   3            {
 111   4              IE1 = 0;
 112   4              return;
 113   4            }
 114   3          }
 115   2          ircode[i] = byt;
 116   2        }
C51 COMPILER V9.60.0.0   INFRARED                                                          10/08/2020 11:30:02 PAGE 3   

 117   1        irflag = 1;
 118   1        IE1 = 0;
 119   1        
 120   1      }
 121          /**************************************************************************
 122          函数功能：在数码管显示用户码和键码
 123          入口参数：无
 124          返回值  ：无
 125          **************************************************************************/
 126          void IrInfoDisplay()
 127          {
 128   1        if(irflag)
 129   1        {
 130   2          irflag = 0;
 131   2          SMG_Buff[0] = SMG[ircode[0] >> 4];
 132   2          SMG_Buff[1] = SMG[ircode[0]&0x0F];
 133   2          
 134   2          SMG_Buff[6] = SMG[ircode[2] >> 4];
 135   2          SMG_Buff[7] = SMG[ircode[2]&0x0F];
 136   2        }
 137   1      }


MODULE INFORMATION:   STATIC OVERLAYABLE
   CODE SIZE        =    367    ----
   CONSTANT SIZE    =   ----    ----
   XDATA SIZE       =   ----    ----
   PDATA SIZE       =      4       1
   DATA SIZE        =   ----    ----
   IDATA SIZE       =   ----    ----
   BIT SIZE         =      1    ----
END OF MODULE INFORMATION.


C51 COMPILATION COMPLETE.  0 WARNING(S),  0 ERROR(S)
