C51 COMPILER V9.60.0.0   ONEWIRE                                                           10/08/2020 11:30:02 PAGE 1   


C51 COMPILER V9.60.0.0, COMPILATION OF MODULE ONEWIRE
OBJECT MODULE PLACED IN .\Objects\OneWire.obj
COMPILER INVOKED BY: E:\Keil\Software\C51\BIN\C51.EXE Hardware\OneWire.c COMPACT OPTIMIZE(9,SPEED) BROWSE INCDIR(.\Basic
                    -;.\Hardware;.\User) DEBUG OBJECTEXTEND PRINT(.\Listings\OneWire.lst) TABS(2) OBJECT(.\Objects\OneWire.obj)

line level    source

   1          #include "Sys.h"
   2          
   3          sbit DQ = P1^4;  //单总线接口
   4          
   5          //单总线延时函数
   6          void Delay_OneWire(unsigned int t)  //IAP15F2K61S2
   7          {
   8   1        /*******************************/
   9   1        t = t * 7;
  10   1        /*******************************/
  11   1        while(t--);
  12   1      }
  13          
  14          //通过单总线向DS18B20写一个字节
  15          void Write_DS18B20(unsigned char dat)
  16          {
  17   1        unsigned char i;
  18   1        /*******************************/
  19   1        EA = 0;
  20   1        /*******************************/
  21   1        for(i=0;i<8;i++)
  22   1        {
  23   2          DQ = 0;
  24   2          DQ = dat&0x01;
  25   2          Delay_OneWire(5);
  26   2          DQ = 1;
  27   2          dat >>= 1;
  28   2        }
  29   1        Delay_OneWire(5);
  30   1        /*******************************/
  31   1        EA = 1;
  32   1        /*******************************/
  33   1      }
  34          
  35          //从DS18B20读取一个字节
  36          unsigned char Read_DS18B20(void)
  37          {
  38   1        unsigned char i;
  39   1        unsigned char dat;
  40   1        /*******************************/
  41   1        EA = 0;
  42   1        /*******************************/
  43   1        
  44   1        for(i=0;i<8;i++)
  45   1        {
  46   2          DQ = 0;
  47   2          dat >>= 1;
  48   2          DQ = 1;
  49   2          if(DQ)
  50   2          {
  51   3            dat |= 0x80;
  52   3          }     
  53   2          Delay_OneWire(5);
  54   2        }
C51 COMPILER V9.60.0.0   ONEWIRE                                                           10/08/2020 11:30:02 PAGE 2   

  55   1        /*******************************/
  56   1        EA = 1;
  57   1        /*******************************/
  58   1        return dat;
  59   1      }
  60          /**************************************************************************
  61          函数功能：DS18B20设备初始化,发送检测存在脉冲
  62          入口参数：无
  63          返回值  ：0存在DS18B20,1不存在DS18B20
  64          **************************************************************************/
  65          bit InitDS18B20(void)
  66          {
  67   1          bit initflag = 0;
  68   1          
  69   1          DQ = 1;
  70   1          Delay_OneWire(12);
  71   1          DQ = 0;
  72   1          Delay_OneWire(80);
  73   1          DQ = 1;
  74   1          Delay_OneWire(10); 
  75   1          initflag = DQ;     
  76   1          Delay_OneWire(5);
  77   1        
  78   1        
  79   1          return initflag;
  80   1      }
  81          /**************************************************************************
  82          函数功能：DS18B20设备启动(温度转换)
  83          入口参数：无
  84          返回值  ：无
  85          **************************************************************************/
  86          
  87          /*******************************/
  88          bit Start_DS18B20()
  89          {
  90   1        bit ack;
  91   1        ack = InitDS18B20();
  92   1        if(!ack)
  93   1        {
  94   2          Write_DS18B20(0xCC);//跳过片选直接控制总线上的所有器件
  95   2          Write_DS18B20(0x44);//温度转换指令
  96   2        }
  97   1        return ~ack;
  98   1      }
  99          /*******************************/
 100          
 101          /**************************************************************************
 102          函数功能：DS18B20设备温度测量精度及测量阈值设置
 103          入口参数：无
 104          返回值  ：无
 105          **************************************************************************/
 106          
 107          /*******************************/
 108          //bit Config_DS18B20()
 109          //{
 110          //  bit ack;
 111          //  ack = InitDS18B20();
 112          //  if(ack == 0)
 113          //  {
 114          //    Write_DS18B20(0xCC);
 115          //    
 116          //    Write_DS18B20(0x4E);//写暂存器指令4E
C51 COMPILER V9.60.0.0   ONEWIRE                                                           10/08/2020 11:30:02 PAGE 3   

 117          //    Write_DS18B20(0x4B);//写高速缓存器TH高温限值75度
 118          //    Write_DS18B20(0x00);//写高速缓存器TL低温限值0度
 119          //    Write_DS18B20(0x7f);//写配置寄存器4
 120          //                        //0x1f ： 0.5000°C  转换时间93.75ms
 121          //                        //0x3f ： 0.2000°C  转换时间187.5ms
 122          //                        //0x5f ： 0.1250°C  转换时间375ms
 123          //                        //0x7f ： 0.0625°C  转换时间750ms//上电默认模式
 124          //  }
 125          //  return ~ack;
 126          //}
 127          /*******************************/
 128          
 129          /**************************************************************************
 130          函数功能：温度数据解析
 131          入口参数：无
 132          返回值  ：无
 133          **************************************************************************/
 134          
 135          /*******************************/
 136          void Temp_Get()
 137          {
 138   1        bit ack;
 139   1        u8 LSB , MSB;
 140   1        u8 index;
 141   1        u32 temp;
 142   1        ack = InitDS18B20();
 143   1        if(!ack)
 144   1        {
 145   2          Write_DS18B20(0xCC);              //跳过ROM设置
 146   2          Write_DS18B20(0xBE);              //读取暂存器指令
 147   2          LSB = Read_DS18B20();             //读取低八位
 148   2          MSB = Read_DS18B20();             //读取高八位
 149   2          temp = ( ((u32)MSB) << 8) + LSB;  //数据组合
 150   2          temp *= 625;                      //将DS18B20原始数据转化为温度数据
 151   2          //temp >>= 4;                     //清除小数位
 152   2          for(index = 0; index < 7; index ++)
 153   2          {//清空数码管缓冲区
 154   3            SMG_Buff[index] = 0xFF;
 155   3          }
 156   2          //分离数位
 157   2          SMG_Buff[1] = SMG[temp / 100000]; 
 158   2          SMG_Buff[2] = SMG[(temp / 10000) % 10] & 0x7F;
 159   2          SMG_Buff[3] = SMG[(temp / 1000) % 10];
 160   2          SMG_Buff[4] = SMG[(temp / 100) % 10];
 161   2          SMG_Buff[5] = SMG[(temp / 10) % 10];
 162   2          SMG_Buff[6] = SMG[temp % 10];
 163   2          SMG_Buff[7] = 0xC6;               //C
 164   2        }
 165   1        Start_DS18B20();
 166   1      }
 167          /*******************************/


MODULE INFORMATION:   STATIC OVERLAYABLE
   CODE SIZE        =    455    ----
   CONSTANT SIZE    =   ----    ----
   XDATA SIZE       =   ----    ----
   PDATA SIZE       =   ----       5
   DATA SIZE        =   ----    ----
   IDATA SIZE       =   ----    ----
   BIT SIZE         =   ----       3
END OF MODULE INFORMATION.

C51 COMPILER V9.60.0.0   ONEWIRE                                                           10/08/2020 11:30:02 PAGE 4   


C51 COMPILATION COMPLETE.  0 WARNING(S),  0 ERROR(S)
